Building Windows application...                                    38.4s
ΓêÜ Built build\windows\x64\runner\Release\p017.exe
